Archive member included because of file (symbol)

c:/freescale/kds_v3/toolchain/bin/../lib/gcc/arm-none-eabi/4.8.4/../../../../arm-none-eabi/lib/armv7e-m/fpu\libg_s.a(lib_a-exit.o)
                              c:/freescale/kds_v3/toolchain/bin/../lib/gcc/arm-none-eabi/4.8.4/../../../../arm-none-eabi/lib/armv7e-m/fpu/crt0.o (exit)
c:/freescale/kds_v3/toolchain/bin/../lib/gcc/arm-none-eabi/4.8.4/../../../../arm-none-eabi/lib/armv7e-m/fpu\libg_s.a(lib_a-impure.o)
                              c:/freescale/kds_v3/toolchain/bin/../lib/gcc/arm-none-eabi/4.8.4/../../../../arm-none-eabi/lib/armv7e-m/fpu\libg_s.a(lib_a-exit.o) (_global_impure_ptr)
c:/freescale/kds_v3/toolchain/bin/../lib/gcc/arm-none-eabi/4.8.4/../../../../arm-none-eabi/lib/armv7e-m/fpu\libg_s.a(lib_a-init.o)
                              c:/freescale/kds_v3/toolchain/bin/../lib/gcc/arm-none-eabi/4.8.4/../../../../arm-none-eabi/lib/armv7e-m/fpu/crt0.o (__libc_init_array)
c:/freescale/kds_v3/toolchain/bin/../lib/gcc/arm-none-eabi/4.8.4/../../../../arm-none-eabi/lib/armv7e-m/fpu\libg_s.a(lib_a-memset.o)
                              c:/freescale/kds_v3/toolchain/bin/../lib/gcc/arm-none-eabi/4.8.4/../../../../arm-none-eabi/lib/armv7e-m/fpu/crt0.o (memset)
c:/freescale/kds_v3/toolchain/bin/../lib/gcc/arm-none-eabi/4.8.4/../../../../arm-none-eabi/lib/armv7e-m/fpu\libnosys.a(_exit.o)
                              c:/freescale/kds_v3/toolchain/bin/../lib/gcc/arm-none-eabi/4.8.4/../../../../arm-none-eabi/lib/armv7e-m/fpu\libg_s.a(lib_a-exit.o) (_exit)

Allocating common symbols
Common symbol       size              file

SR_reg              0x1               ./Generated_Code/Cpu.o

Discarded input sections

 .text          0x00000000        0x0 c:/freescale/kds_v3/toolchain/bin/../lib/gcc/arm-none-eabi/4.8.4/armv7e-m/fpu/crti.o
 .data          0x00000000        0x0 c:/freescale/kds_v3/toolchain/bin/../lib/gcc/arm-none-eabi/4.8.4/armv7e-m/fpu/crti.o
 .bss           0x00000000        0x0 c:/freescale/kds_v3/toolchain/bin/../lib/gcc/arm-none-eabi/4.8.4/armv7e-m/fpu/crti.o
 .data          0x00000000        0x4 c:/freescale/kds_v3/toolchain/bin/../lib/gcc/arm-none-eabi/4.8.4/armv7e-m/fpu/crtbegin.o
 .data          0x00000000        0x0 c:/freescale/kds_v3/toolchain/bin/../lib/gcc/arm-none-eabi/4.8.4/../../../../arm-none-eabi/lib/armv7e-m/fpu/crt0.o
 .bss           0x00000000        0x0 c:/freescale/kds_v3/toolchain/bin/../lib/gcc/arm-none-eabi/4.8.4/../../../../arm-none-eabi/lib/armv7e-m/fpu/crt0.o
 .ARM.extab     0x00000000        0x0 c:/freescale/kds_v3/toolchain/bin/../lib/gcc/arm-none-eabi/4.8.4/../../../../arm-none-eabi/lib/armv7e-m/fpu/crt0.o
 .group         0x00000000        0x8 ./Sources/Events.o
 .group         0x00000000        0x8 ./Sources/Events.o
 .group         0x00000000        0x8 ./Sources/Events.o
 .group         0x00000000        0x8 ./Sources/Events.o
 .group         0x00000000        0x8 ./Sources/Events.o
 .group         0x00000000        0x8 ./Sources/Events.o
 .group         0x00000000        0x8 ./Sources/Events.o
 .group         0x00000000        0x8 ./Sources/Events.o
 .group         0x00000000        0x8 ./Sources/Events.o
 .group         0x00000000        0x8 ./Sources/Events.o
 .group         0x00000000        0x8 ./Sources/Events.o
 .group         0x00000000        0x8 ./Sources/Events.o
 .group         0x00000000        0x8 ./Sources/Events.o
 .group         0x00000000        0x8 ./Sources/Events.o
 .group         0x00000000        0x8 ./Sources/Events.o
 .group         0x00000000        0x8 ./Sources/Events.o
 .group         0x00000000        0x8 ./Sources/Events.o
 .group         0x00000000        0x8 ./Sources/Events.o
 .text          0x00000000        0x0 ./Sources/Events.o
 .data          0x00000000        0x0 ./Sources/Events.o
 .bss           0x00000000        0x0 ./Sources/Events.o
 .group         0x00000000        0x8 ./Sources/main.o
 .group         0x00000000        0x8 ./Sources/main.o
 .group         0x00000000        0x8 ./Sources/main.o
 .group         0x00000000        0x8 ./Sources/main.o
 .group         0x00000000        0x8 ./Sources/main.o
 .group         0x00000000        0x8 ./Sources/main.o
 .group         0x00000000        0x8 ./Sources/main.o
 .group         0x00000000        0x8 ./Sources/main.o
 .group         0x00000000        0x8 ./Sources/main.o
 .group         0x00000000        0x8 ./Sources/main.o
 .group         0x00000000        0x8 ./Sources/main.o
 .group         0x00000000        0x8 ./Sources/main.o
 .group         0x00000000        0x8 ./Sources/main.o
 .group         0x00000000        0x8 ./Sources/main.o
 .group         0x00000000        0x8 ./Sources/main.o
 .group         0x00000000        0x8 ./Sources/main.o
 .group         0x00000000        0x8 ./Sources/main.o
 .group         0x00000000        0x8 ./Sources/main.o
 .text          0x00000000        0x0 ./Sources/main.o
 .data          0x00000000        0x0 ./Sources/main.o
 .bss           0x00000000        0x0 ./Sources/main.o
 .debug_macro   0x00000000      0x850 ./Sources/main.o
 .debug_macro   0x00000000       0x16 ./Sources/main.o
 .debug_macro   0x00000000       0x44 ./Sources/main.o
 .debug_macro   0x00000000      0x209 ./Sources/main.o
 .debug_macro   0x00000000     0x1760 ./Sources/main.o
 .debug_macro   0x00000000      0x14e ./Sources/main.o
 .debug_macro   0x00000000       0x6a ./Sources/main.o
 .debug_macro   0x00000000     0xde57 ./Sources/main.o
 .debug_macro   0x00000000       0x94 ./Sources/main.o
 .debug_macro   0x00000000       0x94 ./Sources/main.o
 .debug_macro   0x00000000      0x12c ./Sources/main.o
 .debug_macro   0x00000000       0x46 ./Sources/main.o
 .debug_macro   0x00000000       0x26 ./Sources/main.o
 .debug_macro   0x00000000       0x82 ./Sources/main.o
 .debug_macro   0x00000000       0x16 ./Sources/main.o
 .debug_macro   0x00000000       0x37 ./Sources/main.o
 .debug_macro   0x00000000       0x4c ./Sources/main.o
 .debug_macro   0x00000000       0x26 ./Sources/main.o
 .group         0x00000000        0x8 ./Project_Settings/Startup_Code/startup.o
 .group         0x00000000        0x8 ./Project_Settings/Startup_Code/startup.o
 .group         0x00000000        0x8 ./Project_Settings/Startup_Code/startup.o
 .group         0x00000000        0x8 ./Project_Settings/Startup_Code/startup.o
 .group         0x00000000        0x8 ./Project_Settings/Startup_Code/startup.o
 .group         0x00000000        0x8 ./Project_Settings/Startup_Code/startup.o
 .group         0x00000000        0x8 ./Project_Settings/Startup_Code/startup.o
 .group         0x00000000        0x8 ./Project_Settings/Startup_Code/startup.o
 .group         0x00000000        0x8 ./Project_Settings/Startup_Code/startup.o
 .group         0x00000000        0x8 ./Project_Settings/Startup_Code/startup.o
 .group         0x00000000        0x8 ./Project_Settings/Startup_Code/startup.o
 .group         0x00000000        0x8 ./Project_Settings/Startup_Code/startup.o
 .group         0x00000000        0x8 ./Project_Settings/Startup_Code/startup.o
 .group         0x00000000        0x8 ./Project_Settings/Startup_Code/startup.o
 .group         0x00000000        0x8 ./Project_Settings/Startup_Code/startup.o
 .group         0x00000000        0x8 ./Project_Settings/Startup_Code/startup.o
 .group         0x00000000        0x8 ./Project_Settings/Startup_Code/startup.o
 .group         0x00000000        0x8 ./Project_Settings/Startup_Code/startup.o
 .group         0x00000000        0x8 ./Project_Settings/Startup_Code/startup.o
 .text          0x00000000        0x0 ./Project_Settings/Startup_Code/startup.o
 .data          0x00000000        0x0 ./Project_Settings/Startup_Code/startup.o
 .bss           0x00000000        0x0 ./Project_Settings/Startup_Code/startup.o
 .text.__init_hardware
                0x00000000        0xc ./Project_Settings/Startup_Code/startup.o
 .text.__iar_program_start
                0x00000000        0xc ./Project_Settings/Startup_Code/startup.o
 .debug_macro   0x00000000      0x850 ./Project_Settings/Startup_Code/startup.o
 .debug_macro   0x00000000       0x16 ./Project_Settings/Startup_Code/startup.o
 .group         0x00000000        0x8 ./Generated_Code/BitIoLdd1.o
 .group         0x00000000        0x8 ./Generated_Code/BitIoLdd1.o
 .group         0x00000000        0x8 ./Generated_Code/BitIoLdd1.o
 .group         0x00000000        0x8 ./Generated_Code/BitIoLdd1.o
 .group         0x00000000        0x8 ./Generated_Code/BitIoLdd1.o
 .group         0x00000000        0x8 ./Generated_Code/BitIoLdd1.o
 .group         0x00000000        0x8 ./Generated_Code/BitIoLdd1.o
 .group         0x00000000        0x8 ./Generated_Code/BitIoLdd1.o
 .group         0x00000000        0x8 ./Generated_Code/BitIoLdd1.o
 .group         0x00000000        0x8 ./Generated_Code/BitIoLdd1.o
 .group         0x00000000        0x8 ./Generated_Code/BitIoLdd1.o
 .group         0x00000000        0x8 ./Generated_Code/BitIoLdd1.o
 .text          0x00000000        0x0 ./Generated_Code/BitIoLdd1.o
 .data          0x00000000        0x0 ./Generated_Code/BitIoLdd1.o
 .bss           0x00000000        0x0 ./Generated_Code/BitIoLdd1.o
 .text.BitIoLdd1_GetVal
                0x00000000       0x30 ./Generated_Code/BitIoLdd1.o
 .text.BitIoLdd1_PutVal
                0x00000000       0x30 ./Generated_Code/BitIoLdd1.o
 .text.BitIoLdd1_ClrVal
                0x00000000       0x1c ./Generated_Code/BitIoLdd1.o
 .text.BitIoLdd1_SetVal
                0x00000000       0x1c ./Generated_Code/BitIoLdd1.o
 .debug_macro   0x00000000      0x850 ./Generated_Code/BitIoLdd1.o
 .debug_macro   0x00000000       0x16 ./Generated_Code/BitIoLdd1.o
 .debug_macro   0x00000000       0x44 ./Generated_Code/BitIoLdd1.o
 .debug_macro   0x00000000      0x209 ./Generated_Code/BitIoLdd1.o
 .debug_macro   0x00000000     0x1760 ./Generated_Code/BitIoLdd1.o
 .debug_macro   0x00000000      0x14e ./Generated_Code/BitIoLdd1.o
 .debug_macro   0x00000000       0x6a ./Generated_Code/BitIoLdd1.o
 .debug_macro   0x00000000     0xde57 ./Generated_Code/BitIoLdd1.o
 .debug_macro   0x00000000       0x94 ./Generated_Code/BitIoLdd1.o
 .debug_macro   0x00000000      0x12c ./Generated_Code/BitIoLdd1.o
 .debug_macro   0x00000000       0x46 ./Generated_Code/BitIoLdd1.o
 .group         0x00000000        0x8 ./Generated_Code/BitIoLdd2.o
 .group         0x00000000        0x8 ./Generated_Code/BitIoLdd2.o
 .group         0x00000000        0x8 ./Generated_Code/BitIoLdd2.o
 .group         0x00000000        0x8 ./Generated_Code/BitIoLdd2.o
 .group         0x00000000        0x8 ./Generated_Code/BitIoLdd2.o
 .group         0x00000000        0x8 ./Generated_Code/BitIoLdd2.o
 .group         0x00000000        0x8 ./Generated_Code/BitIoLdd2.o
 .group         0x00000000        0x8 ./Generated_Code/BitIoLdd2.o
 .group         0x00000000        0x8 ./Generated_Code/BitIoLdd2.o
 .group         0x00000000        0x8 ./Generated_Code/BitIoLdd2.o
 .group         0x00000000        0x8 ./Generated_Code/BitIoLdd2.o
 .group         0x00000000        0x8 ./Generated_Code/BitIoLdd2.o
 .text          0x00000000        0x0 ./Generated_Code/BitIoLdd2.o
 .data          0x00000000        0x0 ./Generated_Code/BitIoLdd2.o
 .bss           0x00000000        0x0 ./Generated_Code/BitIoLdd2.o
 .text.BitIoLdd2_GetVal
                0x00000000       0x30 ./Generated_Code/BitIoLdd2.o
 .text.BitIoLdd2_PutVal
                0x00000000       0x34 ./Generated_Code/BitIoLdd2.o
 .text.BitIoLdd2_ClrVal
                0x00000000       0x20 ./Generated_Code/BitIoLdd2.o
 .text.BitIoLdd2_SetVal
                0x00000000       0x20 ./Generated_Code/BitIoLdd2.o
 .debug_macro   0x00000000      0x850 ./Generated_Code/BitIoLdd2.o
 .debug_macro   0x00000000       0x16 ./Generated_Code/BitIoLdd2.o
 .debug_macro   0x00000000       0x44 ./Generated_Code/BitIoLdd2.o
 .debug_macro   0x00000000      0x209 ./Generated_Code/BitIoLdd2.o
 .debug_macro   0x00000000     0x1760 ./Generated_Code/BitIoLdd2.o
 .debug_macro   0x00000000      0x14e ./Generated_Code/BitIoLdd2.o
 .debug_macro   0x00000000       0x6a ./Generated_Code/BitIoLdd2.o
 .debug_macro   0x00000000     0xde57 ./Generated_Code/BitIoLdd2.o
 .debug_macro   0x00000000       0x94 ./Generated_Code/BitIoLdd2.o
 .debug_macro   0x00000000      0x12c ./Generated_Code/BitIoLdd2.o
 .debug_macro   0x00000000       0x9a ./Generated_Code/BitIoLdd2.o
 .group         0x00000000        0x8 ./Generated_Code/Cpu.o
 .group         0x00000000        0x8 ./Generated_Code/Cpu.o
 .group         0x00000000        0x8 ./Generated_Code/Cpu.o
 .group         0x00000000        0x8 ./Generated_Code/Cpu.o
 .group         0x00000000        0x8 ./Generated_Code/Cpu.o
 .group         0x00000000        0x8 ./Generated_Code/Cpu.o
 .group         0x00000000        0x8 ./Generated_Code/Cpu.o
 .group         0x00000000        0x8 ./Generated_Code/Cpu.o
 .group         0x00000000        0x8 ./Generated_Code/Cpu.o
 .group         0x00000000        0x8 ./Generated_Code/Cpu.o
 .group         0x00000000        0x8 ./Generated_Code/Cpu.o
 .group         0x00000000        0x8 ./Generated_Code/Cpu.o
 .group         0x00000000        0x8 ./Generated_Code/Cpu.o
 .group         0x00000000        0x8 ./Generated_Code/Cpu.o
 .group         0x00000000        0x8 ./Generated_Code/Cpu.o
 .group         0x00000000        0x8 ./Generated_Code/Cpu.o
 .group         0x00000000        0x8 ./Generated_Code/Cpu.o
 .group         0x00000000        0x8 ./Generated_Code/Cpu.o
 .text          0x00000000        0x0 ./Generated_Code/Cpu.o
 .data          0x00000000        0x0 ./Generated_Code/Cpu.o
 .bss           0x00000000        0x0 ./Generated_Code/Cpu.o
 .bss.SR_lock   0x00000000        0x1 ./Generated_Code/Cpu.o
 .debug_macro   0x00000000      0x850 ./Generated_Code/Cpu.o
 .debug_macro   0x00000000       0x16 ./Generated_Code/Cpu.o
 .debug_macro   0x00000000       0x44 ./Generated_Code/Cpu.o
 .debug_macro   0x00000000      0x209 ./Generated_Code/Cpu.o
 .debug_macro   0x00000000     0x1760 ./Generated_Code/Cpu.o
 .debug_macro   0x00000000      0x14e ./Generated_Code/Cpu.o
 .debug_macro   0x00000000       0x6a ./Generated_Code/Cpu.o
 .debug_macro   0x00000000     0xde57 ./Generated_Code/Cpu.o
 .debug_macro   0x00000000       0x94 ./Generated_Code/Cpu.o
 .debug_macro   0x00000000      0x12c ./Generated_Code/Cpu.o
 .debug_macro   0x00000000       0x9a ./Generated_Code/Cpu.o
 .debug_macro   0x00000000       0x46 ./Generated_Code/Cpu.o
 .debug_macro   0x00000000       0x26 ./Generated_Code/Cpu.o
 .debug_macro   0x00000000       0x82 ./Generated_Code/Cpu.o
 .debug_macro   0x00000000       0x16 ./Generated_Code/Cpu.o
 .debug_macro   0x00000000       0x37 ./Generated_Code/Cpu.o
 .debug_macro   0x00000000       0x4c ./Generated_Code/Cpu.o
 .debug_macro   0x00000000       0x26 ./Generated_Code/Cpu.o
 COMMON         0x00000000        0x1 ./Generated_Code/Cpu.o
 .group         0x00000000        0x8 ./Generated_Code/LED1.o
 .group         0x00000000        0x8 ./Generated_Code/LED1.o
 .group         0x00000000        0x8 ./Generated_Code/LED1.o
 .group         0x00000000        0x8 ./Generated_Code/LED1.o
 .group         0x00000000        0x8 ./Generated_Code/LED1.o
 .group         0x00000000        0x8 ./Generated_Code/LED1.o
 .group         0x00000000        0x8 ./Generated_Code/LED1.o
 .group         0x00000000        0x8 ./Generated_Code/LED1.o
 .group         0x00000000        0x8 ./Generated_Code/LED1.o
 .group         0x00000000        0x8 ./Generated_Code/LED1.o
 .group         0x00000000        0x8 ./Generated_Code/LED1.o
 .group         0x00000000        0x8 ./Generated_Code/LED1.o
 .group         0x00000000        0x8 ./Generated_Code/LED1.o
 .text          0x00000000        0x0 ./Generated_Code/LED1.o
 .data          0x00000000        0x0 ./Generated_Code/LED1.o
 .bss           0x00000000        0x0 ./Generated_Code/LED1.o
 .debug_info    0x00000000       0x7d ./Generated_Code/LED1.o
 .debug_abbrev  0x00000000       0x29 ./Generated_Code/LED1.o
 .debug_aranges
                0x00000000       0x18 ./Generated_Code/LED1.o
 .debug_macro   0x00000000       0xb5 ./Generated_Code/LED1.o
 .debug_macro   0x00000000      0x850 ./Generated_Code/LED1.o
 .debug_macro   0x00000000       0x16 ./Generated_Code/LED1.o
 .debug_macro   0x00000000       0x44 ./Generated_Code/LED1.o
 .debug_macro   0x00000000      0x209 ./Generated_Code/LED1.o
 .debug_macro   0x00000000     0x1760 ./Generated_Code/LED1.o
 .debug_macro   0x00000000      0x14e ./Generated_Code/LED1.o
 .debug_macro   0x00000000       0x6a ./Generated_Code/LED1.o
 .debug_macro   0x00000000     0xde57 ./Generated_Code/LED1.o
 .debug_macro   0x00000000       0x94 ./Generated_Code/LED1.o
 .debug_macro   0x00000000      0x12c ./Generated_Code/LED1.o
 .debug_macro   0x00000000       0x9a ./Generated_Code/LED1.o
 .debug_macro   0x00000000       0x46 ./Generated_Code/LED1.o
 .debug_macro   0x00000000       0x26 ./Generated_Code/LED1.o
 .debug_line    0x00000000      0x2d4 ./Generated_Code/LED1.o
 .debug_str     0x00000000    0x58944 ./Generated_Code/LED1.o
 .comment       0x00000000       0x71 ./Generated_Code/LED1.o
 .ARM.attributes
                0x00000000       0x39 ./Generated_Code/LED1.o
 .group         0x00000000        0x8 ./Generated_Code/LED2.o
 .group         0x00000000        0x8 ./Generated_Code/LED2.o
 .group         0x00000000        0x8 ./Generated_Code/LED2.o
 .group         0x00000000        0x8 ./Generated_Code/LED2.o
 .group         0x00000000        0x8 ./Generated_Code/LED2.o
 .group         0x00000000        0x8 ./Generated_Code/LED2.o
 .group         0x00000000        0x8 ./Generated_Code/LED2.o
 .group         0x00000000        0x8 ./Generated_Code/LED2.o
 .group         0x00000000        0x8 ./Generated_Code/LED2.o
 .group         0x00000000        0x8 ./Generated_Code/LED2.o
 .group         0x00000000        0x8 ./Generated_Code/LED2.o
 .group         0x00000000        0x8 ./Generated_Code/LED2.o
 .group         0x00000000        0x8 ./Generated_Code/LED2.o
 .text          0x00000000        0x0 ./Generated_Code/LED2.o
 .data          0x00000000        0x0 ./Generated_Code/LED2.o
 .bss           0x00000000        0x0 ./Generated_Code/LED2.o
 .debug_info    0x00000000       0x7d ./Generated_Code/LED2.o
 .debug_abbrev  0x00000000       0x29 ./Generated_Code/LED2.o
 .debug_aranges
                0x00000000       0x18 ./Generated_Code/LED2.o
 .debug_macro   0x00000000       0xb5 ./Generated_Code/LED2.o
 .debug_macro   0x00000000      0x850 ./Generated_Code/LED2.o
 .debug_macro   0x00000000       0x16 ./Generated_Code/LED2.o
 .debug_macro   0x00000000       0x44 ./Generated_Code/LED2.o
 .debug_macro   0x00000000      0x209 ./Generated_Code/LED2.o
 .debug_macro   0x00000000     0x1760 ./Generated_Code/LED2.o
 .debug_macro   0x00000000      0x14e ./Generated_Code/LED2.o
 .debug_macro   0x00000000       0x6a ./Generated_Code/LED2.o
 .debug_macro   0x00000000     0xde57 ./Generated_Code/LED2.o
 .debug_macro   0x00000000       0x94 ./Generated_Code/LED2.o
 .debug_macro   0x00000000      0x12c ./Generated_Code/LED2.o
 .debug_macro   0x00000000       0x9a ./Generated_Code/LED2.o
 .debug_macro   0x00000000       0x46 ./Generated_Code/LED2.o
 .debug_macro   0x00000000       0x26 ./Generated_Code/LED2.o
 .debug_line    0x00000000      0x2d4 ./Generated_Code/LED2.o
 .debug_str     0x00000000    0x58946 ./Generated_Code/LED2.o
 .comment       0x00000000       0x71 ./Generated_Code/LED2.o
 .ARM.attributes
                0x00000000       0x39 ./Generated_Code/LED2.o
 .group         0x00000000        0x8 ./Generated_Code/MCUC1.o
 .group         0x00000000        0x8 ./Generated_Code/MCUC1.o
 .group         0x00000000        0x8 ./Generated_Code/MCUC1.o
 .group         0x00000000        0x8 ./Generated_Code/MCUC1.o
 .group         0x00000000        0x8 ./Generated_Code/MCUC1.o
 .group         0x00000000        0x8 ./Generated_Code/MCUC1.o
 .group         0x00000000        0x8 ./Generated_Code/MCUC1.o
 .group         0x00000000        0x8 ./Generated_Code/MCUC1.o
 .group         0x00000000        0x8 ./Generated_Code/MCUC1.o
 .group         0x00000000        0x8 ./Generated_Code/MCUC1.o
 .text          0x00000000        0x0 ./Generated_Code/MCUC1.o
 .data          0x00000000        0x0 ./Generated_Code/MCUC1.o
 .bss           0x00000000        0x0 ./Generated_Code/MCUC1.o
 .text.MCUC1_Deinit
                0x00000000        0xc ./Generated_Code/MCUC1.o
 .debug_macro   0x00000000      0x850 ./Generated_Code/MCUC1.o
 .debug_macro   0x00000000       0x82 ./Generated_Code/MCUC1.o
 .debug_macro   0x00000000       0x16 ./Generated_Code/MCUC1.o
 .debug_macro   0x00000000       0x44 ./Generated_Code/MCUC1.o
 .debug_macro   0x00000000      0x209 ./Generated_Code/MCUC1.o
 .debug_macro   0x00000000     0x1760 ./Generated_Code/MCUC1.o
 .debug_macro   0x00000000      0x14e ./Generated_Code/MCUC1.o
 .debug_macro   0x00000000       0x6a ./Generated_Code/MCUC1.o
 .debug_macro   0x00000000     0xde57 ./Generated_Code/MCUC1.o
 .debug_macro   0x00000000       0x9a ./Generated_Code/MCUC1.o
 .group         0x00000000        0x8 ./Generated_Code/PE_LDD.o
 .group         0x00000000        0x8 ./Generated_Code/PE_LDD.o
 .group         0x00000000        0x8 ./Generated_Code/PE_LDD.o
 .group         0x00000000        0x8 ./Generated_Code/PE_LDD.o
 .group         0x00000000        0x8 ./Generated_Code/PE_LDD.o
 .group         0x00000000        0x8 ./Generated_Code/PE_LDD.o
 .group         0x00000000        0x8 ./Generated_Code/PE_LDD.o
 .group         0x00000000        0x8 ./Generated_Code/PE_LDD.o
 .group         0x00000000        0x8 ./Generated_Code/PE_LDD.o
 .group         0x00000000        0x8 ./Generated_Code/PE_LDD.o
 .group         0x00000000        0x8 ./Generated_Code/PE_LDD.o
 .group         0x00000000        0x8 ./Generated_Code/PE_LDD.o
 .group         0x00000000        0x8 ./Generated_Code/PE_LDD.o
 .group         0x00000000        0x8 ./Generated_Code/PE_LDD.o
 .group         0x00000000        0x8 ./Generated_Code/PE_LDD.o
 .group         0x00000000        0x8 ./Generated_Code/PE_LDD.o
 .group         0x00000000        0x8 ./Generated_Code/PE_LDD.o
 .group         0x00000000        0x8 ./Generated_Code/PE_LDD.o
 .text          0x00000000        0x0 ./Generated_Code/PE_LDD.o
 .data          0x00000000        0x0 ./Generated_Code/PE_LDD.o
 .bss           0x00000000        0x0 ./Generated_Code/PE_LDD.o
 .rodata.PE_CpuClockConfigurations
                0x00000000       0x28 ./Generated_Code/PE_LDD.o
 .text.PE_FillMemory
                0x00000000       0x24 ./Generated_Code/PE_LDD.o
 .text.PE_PeripheralUsed
                0x00000000       0x38 ./Generated_Code/PE_LDD.o
 .text.LDD_SetClockConfiguration
                0x00000000       0x14 ./Generated_Code/PE_LDD.o
 .debug_macro   0x00000000      0x850 ./Generated_Code/PE_LDD.o
 .debug_macro   0x00000000       0x16 ./Generated_Code/PE_LDD.o
 .debug_macro   0x00000000       0x44 ./Generated_Code/PE_LDD.o
 .debug_macro   0x00000000      0x209 ./Generated_Code/PE_LDD.o
 .debug_macro   0x00000000     0x1760 ./Generated_Code/PE_LDD.o
 .debug_macro   0x00000000      0x14e ./Generated_Code/PE_LDD.o
 .debug_macro   0x00000000       0x6a ./Generated_Code/PE_LDD.o
 .debug_macro   0x00000000     0xde57 ./Generated_Code/PE_LDD.o
 .debug_macro   0x00000000       0x94 ./Generated_Code/PE_LDD.o
 .debug_macro   0x00000000      0x12c ./Generated_Code/PE_LDD.o
 .debug_macro   0x00000000       0x9a ./Generated_Code/PE_LDD.o
 .debug_macro   0x00000000       0x46 ./Generated_Code/PE_LDD.o
 .debug_macro   0x00000000       0x26 ./Generated_Code/PE_LDD.o
 .debug_macro   0x00000000       0x82 ./Generated_Code/PE_LDD.o
 .debug_macro   0x00000000       0x16 ./Generated_Code/PE_LDD.o
 .debug_macro   0x00000000       0x37 ./Generated_Code/PE_LDD.o
 .debug_macro   0x00000000       0x4c ./Generated_Code/PE_LDD.o
 .debug_macro   0x00000000       0x26 ./Generated_Code/PE_LDD.o
 .group         0x00000000        0x8 ./Generated_Code/Vectors.o
 .group         0x00000000        0x8 ./Generated_Code/Vectors.o
 .group         0x00000000        0x8 ./Generated_Code/Vectors.o
 .group         0x00000000        0x8 ./Generated_Code/Vectors.o
 .group         0x00000000        0x8 ./Generated_Code/Vectors.o
 .group         0x00000000        0x8 ./Generated_Code/Vectors.o
 .group         0x00000000        0x8 ./Generated_Code/Vectors.o
 .group         0x00000000        0x8 ./Generated_Code/Vectors.o
 .group         0x00000000        0x8 ./Generated_Code/Vectors.o
 .group         0x00000000        0x8 ./Generated_Code/Vectors.o
 .group         0x00000000        0x8 ./Generated_Code/Vectors.o
 .group         0x00000000        0x8 ./Generated_Code/Vectors.o
 .group         0x00000000        0x8 ./Generated_Code/Vectors.o
 .group         0x00000000        0x8 ./Generated_Code/Vectors.o
 .group         0x00000000        0x8 ./Generated_Code/Vectors.o
 .group         0x00000000        0x8 ./Generated_Code/Vectors.o
 .group         0x00000000        0x8 ./Generated_Code/Vectors.o
 .group         0x00000000        0x8 ./Generated_Code/Vectors.o
 .text          0x00000000        0x0 ./Generated_Code/Vectors.o
 .data          0x00000000        0x0 ./Generated_Code/Vectors.o
 .bss           0x00000000        0x0 ./Generated_Code/Vectors.o
 .debug_macro   0x00000000      0x850 ./Generated_Code/Vectors.o
 .debug_macro   0x00000000       0x16 ./Generated_Code/Vectors.o
 .debug_macro   0x00000000       0x44 ./Generated_Code/Vectors.o
 .debug_macro   0x00000000      0x209 ./Generated_Code/Vectors.o
 .debug_macro   0x00000000     0x1760 ./Generated_Code/Vectors.o
 .debug_macro   0x00000000      0x14e ./Generated_Code/Vectors.o
 .debug_macro   0x00000000       0x6a ./Generated_Code/Vectors.o
 .debug_macro   0x00000000     0xde57 ./Generated_Code/Vectors.o
 .debug_macro   0x00000000       0x94 ./Generated_Code/Vectors.o
 .debug_macro   0x00000000       0x94 ./Generated_Code/Vectors.o
 .debug_macro   0x00000000      0x12c ./Generated_Code/Vectors.o
 .debug_macro   0x00000000       0x46 ./Generated_Code/Vectors.o
 .debug_macro   0x00000000       0x26 ./Generated_Code/Vectors.o
 .debug_macro   0x00000000       0x82 ./Generated_Code/Vectors.o
 .debug_macro   0x00000000       0x16 ./Generated_Code/Vectors.o
 .debug_macro   0x00000000       0x37 ./Generated_Code/Vectors.o
 .debug_macro   0x00000000       0x4c ./Generated_Code/Vectors.o
 .debug_macro   0x00000000       0x26 ./Generated_Code/Vectors.o
 .group         0x00000000        0x8 ./Generated_Code/WAIT1.o
 .group         0x00000000        0x8 ./Generated_Code/WAIT1.o
 .group         0x00000000        0x8 ./Generated_Code/WAIT1.o
 .group         0x00000000        0x8 ./Generated_Code/WAIT1.o
 .group         0x00000000        0x8 ./Generated_Code/WAIT1.o
 .group         0x00000000        0x8 ./Generated_Code/WAIT1.o
 .group         0x00000000        0x8 ./Generated_Code/WAIT1.o
 .group         0x00000000        0x8 ./Generated_Code/WAIT1.o
 .group         0x00000000        0x8 ./Generated_Code/WAIT1.o
 .group         0x00000000        0x8 ./Generated_Code/WAIT1.o
 .group         0x00000000        0x8 ./Generated_Code/WAIT1.o
 .group         0x00000000        0x8 ./Generated_Code/WAIT1.o
 .text          0x00000000        0x0 ./Generated_Code/WAIT1.o
 .data          0x00000000        0x0 ./Generated_Code/WAIT1.o
 .bss           0x00000000        0x0 ./Generated_Code/WAIT1.o
 .text.WAIT1_DeInit
                0x00000000        0xc ./Generated_Code/WAIT1.o
 .debug_macro   0x00000000      0x850 ./Generated_Code/WAIT1.o
 .debug_macro   0x00000000       0x82 ./Generated_Code/WAIT1.o
 .debug_macro   0x00000000       0x16 ./Generated_Code/WAIT1.o
 .debug_macro   0x00000000       0x44 ./Generated_Code/WAIT1.o
 .debug_macro   0x00000000      0x209 ./Generated_Code/WAIT1.o
 .debug_macro   0x00000000     0x1760 ./Generated_Code/WAIT1.o
 .debug_macro   0x00000000      0x14e ./Generated_Code/WAIT1.o
 .debug_macro   0x00000000       0x6a ./Generated_Code/WAIT1.o
 .debug_macro   0x00000000     0xde57 ./Generated_Code/WAIT1.o
 .debug_macro   0x00000000       0x9a ./Generated_Code/WAIT1.o
 .debug_macro   0x00000000       0x16 ./Generated_Code/WAIT1.o
 .debug_macro   0x00000000       0x37 ./Generated_Code/WAIT1.o
 .text          0x00000000        0x0 c:/freescale/kds_v3/toolchain/bin/../lib/gcc/arm-none-eabi/4.8.4/../../../../arm-none-eabi/lib/armv7e-m/fpu\libg_s.a(lib_a-exit.o)
 .data          0x00000000        0x0 c:/freescale/kds_v3/toolchain/bin/../lib/gcc/arm-none-eabi/4.8.4/../../../../arm-none-eabi/lib/armv7e-m/fpu\libg_s.a(lib_a-exit.o)
 .bss           0x00000000        0x0 c:/freescale/kds_v3/toolchain/bin/../lib/gcc/arm-none-eabi/4.8.4/../../../../arm-none-eabi/lib/armv7e-m/fpu\libg_s.a(lib_a-exit.o)
 .text          0x00000000        0x0 c:/freescale/kds_v3/toolchain/bin/../lib/gcc/arm-none-eabi/4.8.4/../../../../arm-none-eabi/lib/armv7e-m/fpu\libg_s.a(lib_a-impure.o)
 .data          0x00000000        0x0 c:/freescale/kds_v3/toolchain/bin/../lib/gcc/arm-none-eabi/4.8.4/../../../../arm-none-eabi/lib/armv7e-m/fpu\libg_s.a(lib_a-impure.o)
 .bss           0x00000000        0x0 c:/freescale/kds_v3/toolchain/bin/../lib/gcc/arm-none-eabi/4.8.4/../../../../arm-none-eabi/lib/armv7e-m/fpu\libg_s.a(lib_a-impure.o)
 .data._impure_ptr
                0x00000000        0x4 c:/freescale/kds_v3/toolchain/bin/../lib/gcc/arm-none-eabi/4.8.4/../../../../arm-none-eabi/lib/armv7e-m/fpu\libg_s.a(lib_a-impure.o)
 .text          0x00000000        0x0 c:/freescale/kds_v3/toolchain/bin/../lib/gcc/arm-none-eabi/4.8.4/../../../../arm-none-eabi/lib/armv7e-m/fpu\libg_s.a(lib_a-init.o)
 .data          0x00000000        0x0 c:/freescale/kds_v3/toolchain/bin/../lib/gcc/arm-none-eabi/4.8.4/../../../../arm-none-eabi/lib/armv7e-m/fpu\libg_s.a(lib_a-init.o)
 .bss           0x00000000        0x0 c:/freescale/kds_v3/toolchain/bin/../lib/gcc/arm-none-eabi/4.8.4/../../../../arm-none-eabi/lib/armv7e-m/fpu\libg_s.a(lib_a-init.o)
 .text          0x00000000        0x0 c:/freescale/kds_v3/toolchain/bin/../lib/gcc/arm-none-eabi/4.8.4/../../../../arm-none-eabi/lib/armv7e-m/fpu\libg_s.a(lib_a-memset.o)
 .data          0x00000000        0x0 c:/freescale/kds_v3/toolchain/bin/../lib/gcc/arm-none-eabi/4.8.4/../../../../arm-none-eabi/lib/armv7e-m/fpu\libg_s.a(lib_a-memset.o)
 .bss           0x00000000        0x0 c:/freescale/kds_v3/toolchain/bin/../lib/gcc/arm-none-eabi/4.8.4/../../../../arm-none-eabi/lib/armv7e-m/fpu\libg_s.a(lib_a-memset.o)
 .text          0x00000000        0x0 c:/freescale/kds_v3/toolchain/bin/../lib/gcc/arm-none-eabi/4.8.4/../../../../arm-none-eabi/lib/armv7e-m/fpu\libnosys.a(_exit.o)
 .data          0x00000000        0x0 c:/freescale/kds_v3/toolchain/bin/../lib/gcc/arm-none-eabi/4.8.4/../../../../arm-none-eabi/lib/armv7e-m/fpu\libnosys.a(_exit.o)
 .bss           0x00000000        0x0 c:/freescale/kds_v3/toolchain/bin/../lib/gcc/arm-none-eabi/4.8.4/../../../../arm-none-eabi/lib/armv7e-m/fpu\libnosys.a(_exit.o)
 .text          0x00000000        0x0 c:/freescale/kds_v3/toolchain/bin/../lib/gcc/arm-none-eabi/4.8.4/armv7e-m/fpu/crtend.o
 .data          0x00000000        0x0 c:/freescale/kds_v3/toolchain/bin/../lib/gcc/arm-none-eabi/4.8.4/armv7e-m/fpu/crtend.o
 .bss           0x00000000        0x0 c:/freescale/kds_v3/toolchain/bin/../lib/gcc/arm-none-eabi/4.8.4/armv7e-m/fpu/crtend.o
 .eh_frame      0x00000000        0x4 c:/freescale/kds_v3/toolchain/bin/../lib/gcc/arm-none-eabi/4.8.4/armv7e-m/fpu/crtend.o
 .jcr           0x00000000        0x4 c:/freescale/kds_v3/toolchain/bin/../lib/gcc/arm-none-eabi/4.8.4/armv7e-m/fpu/crtend.o
 .ARM.attributes
                0x00000000       0x34 c:/freescale/kds_v3/toolchain/bin/../lib/gcc/arm-none-eabi/4.8.4/armv7e-m/fpu/crtend.o
 .text          0x00000000        0x0 c:/freescale/kds_v3/toolchain/bin/../lib/gcc/arm-none-eabi/4.8.4/armv7e-m/fpu/crtn.o
 .data          0x00000000        0x0 c:/freescale/kds_v3/toolchain/bin/../lib/gcc/arm-none-eabi/4.8.4/armv7e-m/fpu/crtn.o
 .bss           0x00000000        0x0 c:/freescale/kds_v3/toolchain/bin/../lib/gcc/arm-none-eabi/4.8.4/armv7e-m/fpu/crtn.o

Memory Configuration

Name             Origin             Length             Attributes
m_interrupts     0x00000000         0x00000188         xr
m_text           0x00000410         0x0007fbf0         xr
m_data           0x1fff8000         0x00008000         rw
m_data_20000000  0x20000000         0x00008000         rw
m_cfmprotrom     0x00000400         0x00000010         xr
*default*        0x00000000         0xffffffff

Linker script and memory map

LOAD c:/freescale/kds_v3/toolchain/bin/../lib/gcc/arm-none-eabi/4.8.4/armv7e-m/fpu/crti.o
LOAD c:/freescale/kds_v3/toolchain/bin/../lib/gcc/arm-none-eabi/4.8.4/armv7e-m/fpu/crtbegin.o
LOAD c:/freescale/kds_v3/toolchain/bin/../lib/gcc/arm-none-eabi/4.8.4/../../../../arm-none-eabi/lib/armv7e-m/fpu/crt0.o
LOAD ./Sources/Events.o
LOAD ./Sources/main.o
LOAD ./Project_Settings/Startup_Code/startup.o
LOAD ./Generated_Code/BitIoLdd1.o
LOAD ./Generated_Code/BitIoLdd2.o
LOAD ./Generated_Code/Cpu.o
LOAD ./Generated_Code/LED1.o
LOAD ./Generated_Code/LED2.o
LOAD ./Generated_Code/MCUC1.o
LOAD ./Generated_Code/PE_LDD.o
LOAD ./Generated_Code/Vectors.o
LOAD ./Generated_Code/WAIT1.o
LOAD c:/freescale/kds_v3/toolchain/bin/../lib/gcc/arm-none-eabi/4.8.4/../../../../arm-none-eabi/lib/armv7e-m/fpu\libstdc++_s.a
LOAD c:/freescale/kds_v3/toolchain/bin/../lib/gcc/arm-none-eabi/4.8.4/../../../../arm-none-eabi/lib/armv7e-m/fpu\libm.a
START GROUP
LOAD c:/freescale/kds_v3/toolchain/bin/../lib/gcc/arm-none-eabi/4.8.4/armv7e-m/fpu\libgcc.a
LOAD c:/freescale/kds_v3/toolchain/bin/../lib/gcc/arm-none-eabi/4.8.4/../../../../arm-none-eabi/lib/armv7e-m/fpu\libg_s.a
LOAD c:/freescale/kds_v3/toolchain/bin/../lib/gcc/arm-none-eabi/4.8.4/../../../../arm-none-eabi/lib/armv7e-m/fpu\libc_s.a
END GROUP
START GROUP
LOAD c:/freescale/kds_v3/toolchain/bin/../lib/gcc/arm-none-eabi/4.8.4/armv7e-m/fpu\libgcc.a
LOAD c:/freescale/kds_v3/toolchain/bin/../lib/gcc/arm-none-eabi/4.8.4/../../../../arm-none-eabi/lib/armv7e-m/fpu\libc_s.a
LOAD c:/freescale/kds_v3/toolchain/bin/../lib/gcc/arm-none-eabi/4.8.4/../../../../arm-none-eabi/lib/armv7e-m/fpu\libnosys.a
END GROUP
START GROUP
LOAD c:/freescale/kds_v3/toolchain/bin/../lib/gcc/arm-none-eabi/4.8.4/armv7e-m/fpu\libgcc.a
LOAD c:/freescale/kds_v3/toolchain/bin/../lib/gcc/arm-none-eabi/4.8.4/../../../../arm-none-eabi/lib/armv7e-m/fpu\libc_s.a
LOAD c:/freescale/kds_v3/toolchain/bin/../lib/gcc/arm-none-eabi/4.8.4/../../../../arm-none-eabi/lib/armv7e-m/fpu\libnosys.a
END GROUP
LOAD c:/freescale/kds_v3/toolchain/bin/../lib/gcc/arm-none-eabi/4.8.4/armv7e-m/fpu/crtend.o
LOAD c:/freescale/kds_v3/toolchain/bin/../lib/gcc/arm-none-eabi/4.8.4/armv7e-m/fpu/crtn.o
                0x20000000                _estack = 0x20000000
                0x20000000                __SP_INIT = _estack
                0x20000000                __stack = _estack
                0x00000000                __heap_size = 0x0
                0x00000400                __stack_size = 0x400

.interrupts     0x00000000      0x188
                0x00000000                __vector_table = .
                0x00000000                . = ALIGN (0x4)
 *(.vectortable)
 .vectortable   0x00000000      0x188 ./Generated_Code/Vectors.o
                0x00000000                __vect_table
                0x00000188                . = ALIGN (0x4)

.cfmprotect     0x00000400       0x10
                0x00000400                . = ALIGN (0x4)
 *(.cfmconfig)
 .cfmconfig     0x00000400       0x10 ./Generated_Code/Cpu.o
                0x00000400                _cfm
                0x00000410                . = ALIGN (0x4)

.text           0x00000410      0x7b8
                0x00000410                . = ALIGN (0x4)
 *(.text)
 .text          0x00000410       0x54 c:/freescale/kds_v3/toolchain/bin/../lib/gcc/arm-none-eabi/4.8.4/armv7e-m/fpu/crtbegin.o
 .text          0x00000464       0x74 c:/freescale/kds_v3/toolchain/bin/../lib/gcc/arm-none-eabi/4.8.4/../../../../arm-none-eabi/lib/armv7e-m/fpu/crt0.o
                0x00000464                _start
                0x00000464                _mainCRTStartup
 *(.text*)
 .text.Cpu_OnNMIINT
                0x000004d8        0xc ./Sources/Events.o
                0x000004d8                Cpu_OnNMIINT
 .text.main     0x000004e4       0x28 ./Sources/main.o
                0x000004e4                main
 .text.__copy_rom_section
                0x0000050c       0xe4 ./Project_Settings/Startup_Code/startup.o
                0x0000050c                __copy_rom_section
 .text.__copy_rom_sections_to_ram
                0x000005f0       0x9c ./Project_Settings/Startup_Code/startup.o
                0x000005f0                __copy_rom_sections_to_ram
 .text.__init_registers
                0x0000068c       0x20 ./Project_Settings/Startup_Code/startup.o
                0x0000068c                __init_registers
 .text.__init_user
                0x000006ac        0xc ./Project_Settings/Startup_Code/startup.o
                0x000006ac                __init_user
 .text.__thumb_startup
                0x000006b8       0x34 ./Project_Settings/Startup_Code/startup.o
                0x000006b8                __thumb_startup
 .text.BitIoLdd1_Init
                0x000006ec       0x64 ./Generated_Code/BitIoLdd1.o
                0x000006ec                BitIoLdd1_Init
 .text.BitIoLdd1_NegVal
                0x00000750       0x1c ./Generated_Code/BitIoLdd1.o
                0x00000750                BitIoLdd1_NegVal
 .text.BitIoLdd2_Init
                0x0000076c       0x64 ./Generated_Code/BitIoLdd2.o
                0x0000076c                BitIoLdd2_Init
 .text.BitIoLdd2_NegVal
                0x000007d0       0x20 ./Generated_Code/BitIoLdd2.o
                0x000007d0                BitIoLdd2_NegVal
 .text.Cpu_INT_NMIInterrupt
                0x000007f0       0x1c ./Generated_Code/Cpu.o
                0x000007f0                Cpu_INT_NMIInterrupt
 .text.Cpu_Interrupt
                0x0000080c       0x18 ./Generated_Code/Cpu.o
                0x0000080c                Cpu_Interrupt
 .text.__init_hardware
                0x00000824      0x11c ./Generated_Code/Cpu.o
                0x00000824                __init_hardware
 .text.Cpu_SetBASEPRI
                0x00000940       0x18 ./Generated_Code/Cpu.o
                0x00000940                Cpu_SetBASEPRI
 .text.PE_low_level_init
                0x00000958       0xe8 ./Generated_Code/Cpu.o
                0x00000958                PE_low_level_init
 .text.MCUC1_Init
                0x00000a40        0xc ./Generated_Code/MCUC1.o
                0x00000a40                MCUC1_Init
 .text.WAIT1_Wait10Cycles
                0x00000a4c        0x8 ./Generated_Code/WAIT1.o
                0x00000a4c                WAIT1_Wait10Cycles
 .text.WAIT1_Wait100Cycles
                0x00000a54       0x28 ./Generated_Code/WAIT1.o
                0x00000a54                WAIT1_Wait100Cycles
 .text.WAIT1_WaitCycles
                0x00000a7c       0x34 ./Generated_Code/WAIT1.o
                0x00000a7c                WAIT1_WaitCycles
 .text.WAIT1_WaitLongCycles
                0x00000ab0       0x38 ./Generated_Code/WAIT1.o
                0x00000ab0                WAIT1_WaitLongCycles
 .text.WAIT1_Waitms
                0x00000ae8       0x2c ./Generated_Code/WAIT1.o
                0x00000ae8                WAIT1_Waitms
 .text.WAIT1_Init
                0x00000b14        0xc ./Generated_Code/WAIT1.o
                0x00000b14                WAIT1_Init
 .text.exit     0x00000b20       0x28 c:/freescale/kds_v3/toolchain/bin/../lib/gcc/arm-none-eabi/4.8.4/../../../../arm-none-eabi/lib/armv7e-m/fpu\libg_s.a(lib_a-exit.o)
                0x00000b20                exit
 .text.__libc_init_array
                0x00000b48       0x4c c:/freescale/kds_v3/toolchain/bin/../lib/gcc/arm-none-eabi/4.8.4/../../../../arm-none-eabi/lib/armv7e-m/fpu\libg_s.a(lib_a-init.o)
                0x00000b48                __libc_init_array
 .text.memset   0x00000b94       0x10 c:/freescale/kds_v3/toolchain/bin/../lib/gcc/arm-none-eabi/4.8.4/../../../../arm-none-eabi/lib/armv7e-m/fpu\libg_s.a(lib_a-memset.o)
                0x00000b94                memset
 .text._exit    0x00000ba4        0x4 c:/freescale/kds_v3/toolchain/bin/../lib/gcc/arm-none-eabi/4.8.4/../../../../arm-none-eabi/lib/armv7e-m/fpu\libnosys.a(_exit.o)
                0x00000ba4                _exit
 *(.rodata)
 *(.rodata*)
 .rodata.str1.1
                0x00000ba8        0x2 c:/freescale/kds_v3/toolchain/bin/../lib/gcc/arm-none-eabi/4.8.4/../../../../arm-none-eabi/lib/armv7e-m/fpu\libg_s.a(lib_a-impure.o)
 *fill*         0x00000baa        0x2 
 .rodata._global_impure_ptr
                0x00000bac        0x4 c:/freescale/kds_v3/toolchain/bin/../lib/gcc/arm-none-eabi/4.8.4/../../../../arm-none-eabi/lib/armv7e-m/fpu\libg_s.a(lib_a-impure.o)
                0x00000bac                _global_impure_ptr
 *(.glue_7)
 .glue_7        0x00000000        0x0 linker stubs
 *(.glue_7t)
 .glue_7t       0x00000000        0x0 linker stubs
 *(.eh_frame)
 .eh_frame      0x00000bb0        0x0 c:/freescale/kds_v3/toolchain/bin/../lib/gcc/arm-none-eabi/4.8.4/armv7e-m/fpu/crtbegin.o
 *(.init)
 .init          0x00000bb0        0x4 c:/freescale/kds_v3/toolchain/bin/../lib/gcc/arm-none-eabi/4.8.4/armv7e-m/fpu/crti.o
                0x00000bb0                _init
 .init          0x00000bb4        0x8 c:/freescale/kds_v3/toolchain/bin/../lib/gcc/arm-none-eabi/4.8.4/armv7e-m/fpu/crtn.o
 *(.fini)
 .fini          0x00000bbc        0x4 c:/freescale/kds_v3/toolchain/bin/../lib/gcc/arm-none-eabi/4.8.4/armv7e-m/fpu/crti.o
                0x00000bbc                _fini
 .fini          0x00000bc0        0x8 c:/freescale/kds_v3/toolchain/bin/../lib/gcc/arm-none-eabi/4.8.4/armv7e-m/fpu/crtn.o
                0x00000bc8                . = ALIGN (0x4)
                0x00000bc8                _etext = .

.vfp11_veneer   0x00000bc8        0x0
 .vfp11_veneer  0x00000000        0x0 linker stubs

.v4_bx          0x00000bc8        0x0
 .v4_bx         0x00000000        0x0 linker stubs

.iplt           0x00000bc8        0x0
 .iplt          0x00000000        0x0 c:/freescale/kds_v3/toolchain/bin/../lib/gcc/arm-none-eabi/4.8.4/armv7e-m/fpu/crtbegin.o

.ARM.extab
 *(.ARM.extab* .gnu.linkonce.armextab.*)

.ARM            0x00000bc8        0x8
                0x00000bc8                __exidx_start = .
 *(.ARM.exidx*)
 .ARM.exidx     0x00000bc8        0x8 c:/freescale/kds_v3/toolchain/bin/../lib/gcc/arm-none-eabi/4.8.4/../../../../arm-none-eabi/lib/armv7e-m/fpu/crt0.o
                0x00000bd0                __exidx_end = .

.rel.dyn        0x00000bd0        0x0
 .rel.iplt      0x00000000        0x0 c:/freescale/kds_v3/toolchain/bin/../lib/gcc/arm-none-eabi/4.8.4/armv7e-m/fpu/crtbegin.o

.ctors          0x00000bd0        0x0
                0x00000bd0                __CTOR_LIST__ = .
 *crtbegin.o(.ctors)
 *(EXCLUDE_FILE(*crtend.o) .ctors)
 *(SORT(.ctors.*))
 *(.ctors)
                0x00000bd0                __CTOR_END__ = .

.dtors          0x00000bd0        0x0
                0x00000bd0                __DTOR_LIST__ = .
 *crtbegin.o(.dtors)
 *(EXCLUDE_FILE(*crtend.o) .dtors)
 *(SORT(.dtors.*))
 *(.dtors)
                0x00000bd0                __DTOR_END__ = .

.preinit_array  0x00000bd0        0x0
                0x00000bd0                PROVIDE (__preinit_array_start, .)
 *(.preinit_array*)
                0x00000bd0                PROVIDE (__preinit_array_end, .)

.init_array     0x00000bd0        0x4
                0x00000bd0                PROVIDE (__init_array_start, .)
 *(SORT(.init_array.*))
 *(.init_array*)
 .init_array    0x00000bd0        0x4 c:/freescale/kds_v3/toolchain/bin/../lib/gcc/arm-none-eabi/4.8.4/armv7e-m/fpu/crtbegin.o
                0x00000bd4                PROVIDE (__init_array_end, .)

.fini_array     0x00000bd4        0x4
                0x00000bd4                PROVIDE (__fini_array_start, .)
 *(SORT(.fini_array.*))
 *(.fini_array*)
 .fini_array    0x00000bd4        0x4 c:/freescale/kds_v3/toolchain/bin/../lib/gcc/arm-none-eabi/4.8.4/armv7e-m/fpu/crtbegin.o
                0x00000bd8                PROVIDE (__fini_array_end, .)
                0x00000bd8                ___ROM_AT = .

.data           0x1fff8000       0x60 load address 0x00000bd8
                0x1fff8000                . = ALIGN (0x4)
                0x1fff8000                _sdata = .
 *(.data)
 *(.data*)
 .data.impure_data
                0x1fff8000       0x60 c:/freescale/kds_v3/toolchain/bin/../lib/gcc/arm-none-eabi/4.8.4/../../../../arm-none-eabi/lib/armv7e-m/fpu\libg_s.a(lib_a-impure.o)
                0x1fff8060                . = ALIGN (0x4)
                0x1fff8060                _edata = .
                0x00000060                ___data_size = (_edata - _sdata)
                0x00000c38                ___m_data_20000000_ROMStart = (___ROM_AT + SIZEOF (.data))

.jcr            0x1fff8060        0x0 load address 0x00000c38
 .jcr           0x1fff8060        0x0 c:/freescale/kds_v3/toolchain/bin/../lib/gcc/arm-none-eabi/4.8.4/armv7e-m/fpu/crtbegin.o

.igot.plt       0x1fff8060        0x0 load address 0x00000c38
 .igot.plt      0x00000000        0x0 c:/freescale/kds_v3/toolchain/bin/../lib/gcc/arm-none-eabi/4.8.4/armv7e-m/fpu/crtbegin.o

.m_data_20000000
                0x20000000        0x0 load address 0x00000c38
                0x20000000                . = ALIGN (0x4)
                0x20000000                ___m_data_20000000_RAMStart = .
 *(.m_data_20000000)
                0x20000000                ___m_data_20000000_RAMEnd = .
                0x20000000                . = ALIGN (0x4)
                0x00000000                ___m_data_20000000_ROMSize = (___m_data_20000000_RAMEnd - ___m_data_20000000_RAMStart)
                0x20000000                . = ALIGN (0x4)

.bss            0x1fff8060       0x2c load address 0x00000c38
                0x1fff8060                __START_BSS = .
                0x1fff8060                PROVIDE (__bss_start__, __START_BSS)
 *(.bss)
 .bss           0x1fff8060       0x1c c:/freescale/kds_v3/toolchain/bin/../lib/gcc/arm-none-eabi/4.8.4/armv7e-m/fpu/crtbegin.o
 *(.bss*)
 .bss.DeviceDataPrv__DEFAULT_RTOS_ALLOC
                0x1fff807c        0x4 ./Generated_Code/BitIoLdd1.o
 .bss.DeviceDataPrv__DEFAULT_RTOS_ALLOC
                0x1fff8080        0x4 ./Generated_Code/BitIoLdd2.o
 .bss.PE_LDD_DeviceDataList
                0x1fff8084        0x8 ./Generated_Code/PE_LDD.o
                0x1fff8084                PE_LDD_DeviceDataList
 *(COMMON)
                0x1fff808c                . = ALIGN (0x4)
                0x1fff808c                __END_BSS = .
                0x1fff808c                PROVIDE (__bss_end__, __END_BSS)
                0x00000c38                _romp_at = ((___ROM_AT + SIZEOF (.data)) + SIZEOF (.m_data_20000000))

.romp           0x1fff808c       0x24 load address 0x00000c38
                0x00000c38                __S_romp = _romp_at
                0x1fff808c        0x4 LONG 0xbd8 ___ROM_AT
                0x1fff8090        0x4 LONG 0x1fff8000 _sdata
                0x1fff8094        0x4 LONG 0x60 ___data_size
                0x1fff8098        0x4 LONG 0xc38 ___m_data_20000000_ROMStart
                0x1fff809c        0x4 LONG 0x20000000 ___m_data_20000000_RAMStart
                0x1fff80a0        0x4 LONG 0x0 ___m_data_20000000_ROMSize
                0x1fff80a4        0x4 LONG 0x0
                0x1fff80a8        0x4 LONG 0x0
                0x1fff80ac        0x4 LONG 0x0
                0x00080000                text_end = (ORIGIN (m_text) + 0x7fbf0)
                0x00000c5c                data_init_end = ((___m_data_20000000_ROMStart + SIZEOF (.m_data_20000000)) + SIZEOF (.romp))
                0x00000001                ASSERT ((data_init_end <= text_end), region m_text overflowed with text and data)

._user_heap_stack
                0x1fff80b0      0x400 load address 0x00000c5c
                0x1fff80b0                . = ALIGN (0x4)
                0x1fff80b0                PROVIDE (end, .)
                0x1fff80b0                PROVIDE (_end, .)
                0x1fff80b0                PROVIDE (__end__, .)
                0x1fff80b0                __heap_addr = .
                0x1fff80b0                __HeapBase = .
                0x1fff80b0                . = (. + __heap_size)
                0x1fff80b0                __HeapLimit = .
                0x1fff84b0                . = (. + __stack_size)
 *fill*         0x1fff80b0      0x400 
                0x1fff84b0                . = ALIGN (0x4)

.ARM.attributes
                0x00000000       0x30
 *(.ARM.attributes)
 .ARM.attributes
                0x00000000       0x22 c:/freescale/kds_v3/toolchain/bin/../lib/gcc/arm-none-eabi/4.8.4/armv7e-m/fpu/crti.o
 .ARM.attributes
                0x00000022       0x34 c:/freescale/kds_v3/toolchain/bin/../lib/gcc/arm-none-eabi/4.8.4/armv7e-m/fpu/crtbegin.o
 .ARM.attributes
                0x00000056       0x20 c:/freescale/kds_v3/toolchain/bin/../lib/gcc/arm-none-eabi/4.8.4/../../../../arm-none-eabi/lib/armv7e-m/fpu/crt0.o
 .ARM.attributes
                0x00000076       0x39 ./Sources/Events.o
 .ARM.attributes
                0x000000af       0x39 ./Sources/main.o
 .ARM.attributes
                0x000000e8       0x39 ./Project_Settings/Startup_Code/startup.o
 .ARM.attributes
                0x00000121       0x39 ./Generated_Code/BitIoLdd1.o
 .ARM.attributes
                0x0000015a       0x39 ./Generated_Code/BitIoLdd2.o
 .ARM.attributes
                0x00000193       0x39 ./Generated_Code/Cpu.o
 .ARM.attributes
                0x000001cc       0x39 ./Generated_Code/MCUC1.o
 .ARM.attributes
                0x00000205       0x39 ./Generated_Code/PE_LDD.o
 .ARM.attributes
                0x0000023e       0x39 ./Generated_Code/Vectors.o
 .ARM.attributes
                0x00000277       0x39 ./Generated_Code/WAIT1.o
 .ARM.attributes
                0x000002b0       0x34 c:/freescale/kds_v3/toolchain/bin/../lib/gcc/arm-none-eabi/4.8.4/../../../../arm-none-eabi/lib/armv7e-m/fpu\libg_s.a(lib_a-exit.o)
 .ARM.attributes
                0x000002e4       0x34 c:/freescale/kds_v3/toolchain/bin/../lib/gcc/arm-none-eabi/4.8.4/../../../../arm-none-eabi/lib/armv7e-m/fpu\libg_s.a(lib_a-impure.o)
 .ARM.attributes
                0x00000318       0x34 c:/freescale/kds_v3/toolchain/bin/../lib/gcc/arm-none-eabi/4.8.4/../../../../arm-none-eabi/lib/armv7e-m/fpu\libg_s.a(lib_a-init.o)
 .ARM.attributes
                0x0000034c       0x34 c:/freescale/kds_v3/toolchain/bin/../lib/gcc/arm-none-eabi/4.8.4/../../../../arm-none-eabi/lib/armv7e-m/fpu\libg_s.a(lib_a-memset.o)
 .ARM.attributes
                0x00000380       0x34 c:/freescale/kds_v3/toolchain/bin/../lib/gcc/arm-none-eabi/4.8.4/../../../../arm-none-eabi/lib/armv7e-m/fpu\libnosys.a(_exit.o)
 .ARM.attributes
                0x000003b4       0x22 c:/freescale/kds_v3/toolchain/bin/../lib/gcc/arm-none-eabi/4.8.4/armv7e-m/fpu/crtn.o
OUTPUT(ledtoggle_sw2.elf elf32-littlearm)

.debug_info     0x00000000     0x1be6
 .debug_info    0x00000000       0x96 ./Sources/Events.o
 .debug_info    0x00000096       0xbd ./Sources/main.o
 .debug_info    0x00000153      0x3b0 ./Project_Settings/Startup_Code/startup.o
 .debug_info    0x00000503      0x333 ./Generated_Code/BitIoLdd1.o
 .debug_info    0x00000836      0x333 ./Generated_Code/BitIoLdd2.o
 .debug_info    0x00000b69      0xb06 ./Generated_Code/Cpu.o
 .debug_info    0x0000166f       0xa7 ./Generated_Code/MCUC1.o
 .debug_info    0x00001716      0x251 ./Generated_Code/PE_LDD.o
 .debug_info    0x00001967      0x10f ./Generated_Code/Vectors.o
 .debug_info    0x00001a76      0x170 ./Generated_Code/WAIT1.o

.debug_abbrev   0x00000000      0x932
 .debug_abbrev  0x00000000       0x45 ./Sources/Events.o
 .debug_abbrev  0x00000045       0x7a ./Sources/main.o
 .debug_abbrev  0x000000bf      0x189 ./Project_Settings/Startup_Code/startup.o
 .debug_abbrev  0x00000248      0x15f ./Generated_Code/BitIoLdd1.o
 .debug_abbrev  0x000003a7      0x15f ./Generated_Code/BitIoLdd2.o
 .debug_abbrev  0x00000506      0x185 ./Generated_Code/Cpu.o
 .debug_abbrev  0x0000068b       0x45 ./Generated_Code/MCUC1.o
 .debug_abbrev  0x000006d0      0x10d ./Generated_Code/PE_LDD.o
 .debug_abbrev  0x000007dd       0xa4 ./Generated_Code/Vectors.o
 .debug_abbrev  0x00000881       0xb1 ./Generated_Code/WAIT1.o

.debug_aranges  0x00000000      0x220
 .debug_aranges
                0x00000000       0x20 ./Sources/Events.o
 .debug_aranges
                0x00000020       0x20 ./Sources/main.o
 .debug_aranges
                0x00000040       0x50 ./Project_Settings/Startup_Code/startup.o
 .debug_aranges
                0x00000090       0x48 ./Generated_Code/BitIoLdd1.o
 .debug_aranges
                0x000000d8       0x48 ./Generated_Code/BitIoLdd2.o
 .debug_aranges
                0x00000120       0x40 ./Generated_Code/Cpu.o
 .debug_aranges
                0x00000160       0x28 ./Generated_Code/MCUC1.o
 .debug_aranges
                0x00000188       0x30 ./Generated_Code/PE_LDD.o
 .debug_aranges
                0x000001b8       0x18 ./Generated_Code/Vectors.o
 .debug_aranges
                0x000001d0       0x50 ./Generated_Code/WAIT1.o

.debug_ranges   0x00000000      0x178
 .debug_ranges  0x00000000       0x10 ./Sources/Events.o
 .debug_ranges  0x00000010       0x10 ./Sources/main.o
 .debug_ranges  0x00000020       0x40 ./Project_Settings/Startup_Code/startup.o
 .debug_ranges  0x00000060       0x38 ./Generated_Code/BitIoLdd1.o
 .debug_ranges  0x00000098       0x38 ./Generated_Code/BitIoLdd2.o
 .debug_ranges  0x000000d0       0x30 ./Generated_Code/Cpu.o
 .debug_ranges  0x00000100       0x18 ./Generated_Code/MCUC1.o
 .debug_ranges  0x00000118       0x20 ./Generated_Code/PE_LDD.o
 .debug_ranges  0x00000138       0x40 ./Generated_Code/WAIT1.o

.debug_macro    0x00000000    0x1f8f4
 .debug_macro   0x00000000      0x128 ./Sources/Events.o
 .debug_macro   0x00000128      0x850 ./Sources/Events.o
 .debug_macro   0x00000978       0x16 ./Sources/Events.o
 .debug_macro   0x0000098e       0x44 ./Sources/Events.o
 .debug_macro   0x000009d2      0x209 ./Sources/Events.o
 .debug_macro   0x00000bdb     0x1760 ./Sources/Events.o
 .debug_macro   0x0000233b      0x14e ./Sources/Events.o
 .debug_macro   0x00002489       0x6a ./Sources/Events.o
 .debug_macro   0x000024f3     0xde57 ./Sources/Events.o
 .debug_macro   0x0001034a       0x94 ./Sources/Events.o
 .debug_macro   0x000103de       0x94 ./Sources/Events.o
 .debug_macro   0x00010472      0x12c ./Sources/Events.o
 .debug_macro   0x0001059e       0x46 ./Sources/Events.o
 .debug_macro   0x000105e4       0x26 ./Sources/Events.o
 .debug_macro   0x0001060a       0x82 ./Sources/Events.o
 .debug_macro   0x0001068c       0x16 ./Sources/Events.o
 .debug_macro   0x000106a2       0x37 ./Sources/Events.o
 .debug_macro   0x000106d9       0x4c ./Sources/Events.o
 .debug_macro   0x00010725       0x26 ./Sources/Events.o
 .debug_macro   0x0001074b      0x128 ./Sources/main.o
 .debug_macro   0x00010873      0x121 ./Project_Settings/Startup_Code/startup.o
 .debug_macro   0x00010994       0x58 ./Project_Settings/Startup_Code/startup.o
 .debug_macro   0x000109ec       0x35 ./Project_Settings/Startup_Code/startup.o
 .debug_macro   0x00010a21       0xa3 ./Project_Settings/Startup_Code/startup.o
 .debug_macro   0x00010ac4      0x166 ./Project_Settings/Startup_Code/startup.o
 .debug_macro   0x00010c2a       0x4a ./Project_Settings/Startup_Code/startup.o
 .debug_macro   0x00010c74       0x52 ./Project_Settings/Startup_Code/startup.o
 .debug_macro   0x00010cc6       0x16 ./Project_Settings/Startup_Code/startup.o
 .debug_macro   0x00010cdc       0x43 ./Project_Settings/Startup_Code/startup.o
 .debug_macro   0x00010d1f      0x180 ./Project_Settings/Startup_Code/startup.o
 .debug_macro   0x00010e9f      0x2a6 ./Project_Settings/Startup_Code/startup.o
 .debug_macro   0x00011145       0x10 ./Project_Settings/Startup_Code/startup.o
 .debug_macro   0x00011155       0x35 ./Project_Settings/Startup_Code/startup.o
 .debug_macro   0x0001118a       0x16 ./Project_Settings/Startup_Code/startup.o
 .debug_macro   0x000111a0       0x22 ./Project_Settings/Startup_Code/startup.o
 .debug_macro   0x000111c2       0x10 ./Project_Settings/Startup_Code/startup.o
 .debug_macro   0x000111d2      0x20f ./Project_Settings/Startup_Code/startup.o
 .debug_macro   0x000113e1     0xde4b ./Project_Settings/Startup_Code/startup.o
 .debug_macro   0x0001f22c       0xa6 ./Generated_Code/BitIoLdd1.o
 .debug_macro   0x0001f2d2       0x9a ./Generated_Code/BitIoLdd1.o
 .debug_macro   0x0001f36c       0xa6 ./Generated_Code/BitIoLdd2.o
 .debug_macro   0x0001f412       0x46 ./Generated_Code/BitIoLdd2.o
 .debug_macro   0x0001f458      0x12e ./Generated_Code/Cpu.o
 .debug_macro   0x0001f586       0x92 ./Generated_Code/MCUC1.o
 .debug_macro   0x0001f618      0x102 ./Generated_Code/PE_LDD.o
 .debug_macro   0x0001f71a      0x130 ./Generated_Code/Vectors.o
 .debug_macro   0x0001f84a       0xaa ./Generated_Code/WAIT1.o

.debug_line     0x00000000     0x24b2
 .debug_line    0x00000000      0x3b4 ./Sources/Events.o
 .debug_line    0x000003b4      0x3c6 ./Sources/main.o
 .debug_line    0x0000077a      0x419 ./Project_Settings/Startup_Code/startup.o
 .debug_line    0x00000b93      0x344 ./Generated_Code/BitIoLdd1.o
 .debug_line    0x00000ed7      0x344 ./Generated_Code/BitIoLdd2.o
 .debug_line    0x0000121b      0x522 ./Generated_Code/Cpu.o
 .debug_line    0x0000173d      0x264 ./Generated_Code/MCUC1.o
 .debug_line    0x000019a1      0x375 ./Generated_Code/PE_LDD.o
 .debug_line    0x00001d16      0x49b ./Generated_Code/Vectors.o
 .debug_line    0x000021b1      0x301 ./Generated_Code/WAIT1.o

.debug_str      0x00000000    0x5c36e
 .debug_str     0x00000000    0x5949f ./Sources/Events.o
                              0x595e9 (size before relaxing)
 .debug_str     0x0005949f       0x3d ./Sources/main.o
                              0x59605 (size before relaxing)
 .debug_str     0x000594dc     0x26f8 ./Project_Settings/Startup_Code/startup.o
                              0x52a31 (size before relaxing)
 .debug_str     0x0005bbd4      0x16e ./Generated_Code/BitIoLdd1.o
                              0x589d7 (size before relaxing)
 .debug_str     0x0005bd42       0xb1 ./Generated_Code/BitIoLdd2.o
                              0x589d9 (size before relaxing)
 .debug_str     0x0005bdf3      0x313 ./Generated_Code/Cpu.o
                              0x599d9 (size before relaxing)
 .debug_str     0x0005c106       0x32 ./Generated_Code/MCUC1.o
                              0x57ec4 (size before relaxing)
 .debug_str     0x0005c138      0x17e ./Generated_Code/PE_LDD.o
                              0x5979e (size before relaxing)
 .debug_str     0x0005c2b6       0x1c ./Generated_Code/Vectors.o
                              0x59631 (size before relaxing)
 .debug_str     0x0005c2d2       0x9c ./Generated_Code/WAIT1.o
                              0x58363 (size before relaxing)

.comment        0x00000000       0x70
 .comment       0x00000000       0x70 ./Sources/Events.o
                                 0x71 (size before relaxing)
 .comment       0x00000000       0x71 ./Sources/main.o
 .comment       0x00000000       0x71 ./Project_Settings/Startup_Code/startup.o
 .comment       0x00000000       0x71 ./Generated_Code/BitIoLdd1.o
 .comment       0x00000000       0x71 ./Generated_Code/BitIoLdd2.o
 .comment       0x00000000       0x71 ./Generated_Code/Cpu.o
 .comment       0x00000000       0x71 ./Generated_Code/MCUC1.o
 .comment       0x00000000       0x71 ./Generated_Code/PE_LDD.o
 .comment       0x00000000       0x71 ./Generated_Code/Vectors.o
 .comment       0x00000000       0x71 ./Generated_Code/WAIT1.o

.debug_frame    0x00000000      0x520
 .debug_frame   0x00000000       0x28 ./Sources/Events.o
 .debug_frame   0x00000028       0x2c ./Sources/main.o
 .debug_frame   0x00000054       0xc0 ./Project_Settings/Startup_Code/startup.o
 .debug_frame   0x00000114       0xb8 ./Generated_Code/BitIoLdd1.o
 .debug_frame   0x000001cc       0xb8 ./Generated_Code/BitIoLdd2.o
 .debug_frame   0x00000284       0xa4 ./Generated_Code/Cpu.o
 .debug_frame   0x00000328       0x40 ./Generated_Code/MCUC1.o
 .debug_frame   0x00000368       0x64 ./Generated_Code/PE_LDD.o
 .debug_frame   0x000003cc       0xc0 ./Generated_Code/WAIT1.o
 .debug_frame   0x0000048c       0x28 c:/freescale/kds_v3/toolchain/bin/../lib/gcc/arm-none-eabi/4.8.4/../../../../arm-none-eabi/lib/armv7e-m/fpu\libg_s.a(lib_a-exit.o)
 .debug_frame   0x000004b4       0x2c c:/freescale/kds_v3/toolchain/bin/../lib/gcc/arm-none-eabi/4.8.4/../../../../arm-none-eabi/lib/armv7e-m/fpu\libg_s.a(lib_a-init.o)
 .debug_frame   0x000004e0       0x20 c:/freescale/kds_v3/toolchain/bin/../lib/gcc/arm-none-eabi/4.8.4/../../../../arm-none-eabi/lib/armv7e-m/fpu\libg_s.a(lib_a-memset.o)
 .debug_frame   0x00000500       0x20 c:/freescale/kds_v3/toolchain/bin/../lib/gcc/arm-none-eabi/4.8.4/../../../../arm-none-eabi/lib/armv7e-m/fpu\libnosys.a(_exit.o)
